// Jest Snapshot v1, https://goo.gl/fbAQLP

exports[`Settings renders with strange characters in display name 1`] = `
<div>
  <div
    class="sc-bdVaJa jNsmtV"
    id="db-settings"
  >
    <h4
      class="sc-bwzfXH gJZKwg"
    >
      Browser Settings
    </h4>
    <div
      class="sc-gzVnrw eEMBun"
    >
      <div
        class="sc-EHOje ggEejq"
      >
        <div
          class="sc-bZQynM hxqGOu"
        >
          <h5
            class="sc-ifAKCX oCshM"
          >
            Test åäö settings
          </h5>
          <div
            class="sc-kGXeez iCyRbv"
          >
            <label
              class="sc-kpOJdX kZcPaA"
              title=""
            >
              åäö üüü
              <input
                class="sc-ckVGcZ iZluED testSetting"
                title=""
                value="true"
              />
            </label>
          </div>
        </div>
        <div
          class="sc-bZQynM hxqGOu"
        />
      </div>
    </div>
  </div>
</div>
`;
